Flutter crash report.
Please report a bug at https://github.com/flutter/flutter/issues.

## command

flutter build linux

## exception

PathExistsException: PathExistsException: Cannot create link, path = '/mnt/c/Users/Talant/OneDrive/Desktop/Projects/2025/deckdex_app/windows/flutter/ephemeral/.plugin_symlinks/bitsdojo_window_windows' (OS Error: File exists, errno = 17)

```
#0      _Link.throwIfError (dart:io/link.dart:357:7)
#1      _Link.createSync (dart:io/link.dart:275:5)
#2      ForwardingLink.createSync (package:file/src/forwarding/forwarding_link.dart:20:16)
#3      ForwardingLink.createSync (package:file/src/forwarding/forwarding_link.dart:20:16)
#4      _createPlatformPluginSymlinks (package:flutter_tools/src/flutter_plugins.dart:1077:12)
#5      createPluginSymlinks (package:flutter_tools/src/flutter_plugins.dart:993:5)
#6      refreshPluginsList (package:flutter_tools/src/flutter_plugins.dart:1133:5)
<asynchronous suspension>
#7      FlutterProject.ensureReadyForPlatformSpecificTooling (package:flutter_tools/src/project.dart:361:5)
<asynchronous suspension>
#8      FlutterCommand.regeneratePlatformSpecificToolingIfApplicable (package:flutter_tools/src/runner/flutter_command.dart:1935:5)
<asynchronous suspension>
#9      FlutterCommand.verifyThenRunCommand (package:flutter_tools/src/runner/flutter_command.dart:1889:7)
<asynchronous suspension>
#10     FlutterCommand.run.<anonymous closure> (package:flutter_tools/src/runner/flutter_command.dart:1542:27)
<asynchronous suspension>
#11     AppContext.run.<anonymous closure> (package:flutter_tools/src/base/context.dart:154:19)
<asynchronous suspension>
#12     CommandRunner.runCommand (package:args/command_runner.dart:212:13)
<asynchronous suspension>
#13     FlutterCommandRunner.runCommand.<anonymous closure> (package:flutter_tools/src/runner/flutter_command_runner.dart:494:9)
<asynchronous suspension>
#14     AppContext.run.<anonymous closure> (package:flutter_tools/src/base/context.dart:154:19)
<asynchronous suspension>
#15     FlutterCommandRunner.runCommand (package:flutter_tools/src/runner/flutter_command_runner.dart:431:5)
<asynchronous suspension>
#16     run.<anonymous closure>.<anonymous closure> (package:flutter_tools/runner.dart:98:11)
<asynchronous suspension>
#17     AppContext.run.<anonymous closure> (package:flutter_tools/src/base/context.dart:154:19)
<asynchronous suspension>
#18     main (package:flutter_tools/executable.dart:102:3)
<asynchronous suspension>
```

## flutter doctor

```
[32m[✓][39m Flutter (Channel master, 3.30.0-1.0.pre.91, on Ubuntu 24.04.1 LTS 5.15.167.4-microsoft-standard-WSL2, locale C.UTF-8) [1,274ms]
    [32m•[39m Flutter version 3.30.0-1.0.pre.91 on channel master at /home/talant/flutter
    [32m•[39m Upstream repository https://github.com/flutter/flutter.git
    [32m•[39m Framework revision 7cd9e0f640 (7 days ago), 2025-02-10 18:29:07 -0800
    [32m•[39m Engine revision 7cd9e0f640
    [32m•[39m Dart version 3.8.0 (build 3.8.0-76.0.dev)
    [32m•[39m DevTools version 2.43.0

[31m[✗][39m Android toolchain - develop for Android devices [157ms]
    [31m✗[39m Unable to locate Android SDK.
      Install Android Studio from: https://developer.android.com/studio/index.html
      On first launch it will assist you in installing the Android SDK components.
      (or visit https://flutter.dev/to/linux-android-setup for detailed instructions).
      If the Android SDK has been installed to a custom location, please use
      `flutter config --android-sdk` to update to that location.


[31m[✗][39m Chrome - develop for the web (Cannot find Chrome executable at google-chrome) [146ms]
    [33m![39m Cannot find Chrome. Try setting CHROME_EXECUTABLE to a Chrome executable.

[32m[✓][39m Linux toolchain - develop for Linux desktop [423ms]
    [32m•[39m Ubuntu clang version 18.1.3 (1ubuntu1)
    [32m•[39m cmake version 3.28.3
    [32m•[39m ninja version 1.11.1
    [32m•[39m pkg-config version 1.8.1

[33m[!][39m Android Studio (not installed) [74ms]
    [32m•[39m Android Studio not found; download from https://developer.android.com/studio/index.html
      (or visit https://flutter.dev/to/linux-android-setup for detailed instructions).

[32m[✓][39m Connected device (1 available) [97ms]
    [32m•[39m Linux (desktop) • linux • linux-x64 • Ubuntu 24.04.1 LTS 5.15.167.4-microsoft-standard-WSL2

[32m[✓][39m Network resources [518ms]
    [32m•[39m All expected network resources are available.

[33m![39m Doctor found issues in 3 categories.
```
